Administrator-Linux-Lesson-3-LVM. Part 1. Draft.

Диски виртуальной машины:

root@ubuntu:~# lvmdiskscan
  /dev/sda2 [       2,00 GiB]
  /dev/sda3 [     <48,00 GiB] LVM physical volume
  /dev/sdb  [      10,00 GiB]
  /dev/sdc  [       2,00 GiB]
  /dev/sdd  [       1,00 GiB]
  /dev/sde  [       1,00 GiB]
  4 disks
  1 partition
  0 LVM physical volume whole disks
  1 LVM physical volume
root@ubuntu:~#

Создание PV, VG и LV
root@ubuntu:~# pvcreate /dev/sdb
  Physical volume "/dev/sdb" successfully created.
root@ubuntu:~#
root@ubuntu:~# vgcreate otus /dev/sdb
  Volume group "otus" successfully created
root@ubuntu:~#
root@ubuntu:~# lvcreate -l+80%FREE -n test otus
  Logical volume "test" created.
root@ubuntu:~#
root@ubuntu:~# vgdisplay otus
  --- Volume group ---
  VG Name               otus
  System ID
  Format                lvm2
  Metadata Areas        1
  Metadata Sequence No  2
  VG Access             read/write
  VG Status             resizable
  MAX LV                0
  Cur LV                1
  Open LV               0
  Max PV                0
  Cur PV                1
  Act PV                1
  VG Size               <10,00 GiB
  PE Size               4,00 MiB
  Total PE              2559
  Alloc PE / Size       2047 / <8,00 GiB
  Free  PE / Size       512 / 2,00 GiB
  VG UUID               R7f1Uk-dbxc-GTD0-Rkdo-L7Po-gfXI-0dQ4k3

root@ubuntu:~#
root@ubuntu:~# vgdisplay -v otus | grep 'PV Name'
  PV Name               /dev/sdb
root@ubuntu:~#

Создание второго LV
root@ubuntu:~# lvcreate -L100M -n small otus
  Logical volume "small" created.
root@ubuntu:~#
root@ubuntu:~# lvs
  LV        VG        Attr       LSize   Pool Origin Data%  Meta%  Move Log Cpy%Sync Convert
  small     otus      -wi-a----- 100,00m
  test      otus      -wi-a-----  <8,00g
  ubuntu-lv ubuntu-vg -wi-ao---- <24,00g
root@ubuntu:~#

Создание файловой системы и монтирование диска
root@ubuntu:~# mkfs.ext4 /dev/otus/test
mke2fs 1.47.0 (5-Feb-2023)
Creating filesystem with 2096128 4k blocks and 524288 inodes
Filesystem UUID: f0b2036d-fd8d-4763-b16a-547509ead091
Superblock backups stored on blocks:
        32768, 98304, 163840, 229376, 294912, 819200, 884736, 1605632

Allocating group tables: done
Writing inode tables: done
Creating journal (16384 blocks): done
Writing superblocks and filesystem accounting information: done
root@ubuntu:~#
root@ubuntu:~# mkdir /data
root@ubuntu:~# mount /dev/otus/test /data/
root@ubuntu:~# mount | grep /data
/dev/mapper/otus-test on /data type ext4 (rw,relatime)
root@ubuntu:~#

Расширение LVM
root@ubuntu:~# pvcreate /dev/sdc
  Physical volume "/dev/sdc" successfully created.
root@ubuntu:~#
root@ubuntu:~# vgextend otus /dev/sdc
  Volume group "otus" successfully extended
root@ubuntu:~#
root@ubuntu:~# vgdisplay -v otus | grep 'PV Name'
  PV Name               /dev/sdb
  PV Name               /dev/sdc
root@ubuntu:~#
root@ubuntu:~# vgs
  VG        #PV #LV #SN Attr   VSize   VFree
  otus        2   2   0 wz--n-  11,99g <3,90g
  ubuntu-vg   1   1   0 wz--n- <48,00g 24,00g
root@ubuntu:~#

Имитация занятого места
root@ubuntu:~#
root@ubuntu:~# dd if=/dev/zero of=/data/test.log bs=1M \count=8000 status=progress
7688159232 bytes (7,7 GB, 7,2 GiB) copied, 3 s, 2,6 GB/s
8000+0 records in
8000+0 records out
8388608000 bytes (8,4 GB, 7,8 GiB) copied, 3,28435 s, 2,6 GB/s
root@ubuntu:~#
root@ubuntu:~# df -Th /data/
Filesystem                        Type  Size  Used Avail Use% Mounted on
/dev/mapper/ubuntu--vg-ubuntu--lv ext4   24G   16G  6,5G  71% /
root@ubuntu:~#
root@ubuntu:~# lvextend -l+80%FREE /dev/otus/test
  Size of logical volume otus/test changed from <8,00 GiB (2047 extents) to <11,12 GiB (2846 extents).
  Logical volume otus/test successfully resized.
root@ubuntu:~#
root@ubuntu:~# lvs /dev/otus/test
  LV   VG   Attr       LSize   Pool Origin Data%  Meta%  Move Log Cpy%Sync Convert
  test otus -wi-a----- <11,12g
root@ubuntu:~#
Filesystem                        Type  Size  Used Avail Use% Mounted on
/dev/mapper/ubuntu--vg-ubuntu--lv ext4   24G   16G  6,5G  71% /
root@ubuntu:~#

Re-size файловой системы:
root@ubuntu:~# resize2fs /dev/otus/test
resize2fs 1.47.0 (5-Feb-2023)
Please run 'e2fsck -f /dev/otus/test' first.

root@ubuntu:~#
root@ubuntu:~# e2fsck -f /dev/otus/test
e2fsck 1.47.0 (5-Feb-2023)
/dev/otus/test: recovering journal
Pass 1: Checking inodes, blocks, and sizes
Pass 2: Checking directory structure
Pass 3: Checking directory connectivity
Pass 4: Checking reference counts
Pass 5: Checking group summary information
/dev/otus/test: 11/524288 files (0.0% non-contiguous), 58511/2096128 blocks
root@ubuntu:~#
root@ubuntu:~# resize2fs /dev/otus/test
resize2fs 1.47.0 (5-Feb-2023)
Resizing the filesystem on /dev/otus/test to 2914304 (4k) blocks.
The filesystem on /dev/otus/test is now 2914304 (4k) blocks long.
root@ubuntu:~#
root@ubuntu:~# df -Th /data
Filesystem                        Type  Size  Used Avail Use% Mounted on
/dev/mapper/ubuntu--vg-ubuntu--lv ext4   24G   16G  6,5G  71% /
root@ubuntu:~#

Работа со снапшотами
root@ubuntu:~# lvcreate -L 500M -s -n test-snap /dev/otus/test
  Logical volume "test-snap" created.
root@ubuntu:~#
root@ubuntu:~# lsblk
NAME                      MAJ:MIN RM  SIZE RO TYPE MOUNTPOINTS
sda                         8:0    0   50G  0 disk
├─sda1                      8:1    0    1M  0 part
├─sda2                      8:2    0    2G  0 part /boot
└─sda3                      8:3    0   48G  0 part
  └─ubuntu--vg-ubuntu--lv 252:2    0   24G  0 lvm  /
sdb                         8:16   0   10G  0 disk
├─otus-small              252:1    0  100M  0 lvm
└─otus-test-real          252:3    0 11,1G  0 lvm
  ├─otus-test             252:0    0 11,1G  0 lvm
  └─otus-test--snap       252:5    0 11,1G  0 lvm
sdc                         8:32   0    2G  0 disk
├─otus-test-real          252:3    0 11,1G  0 lvm
│ ├─otus-test             252:0    0 11,1G  0 lvm
│ └─otus-test--snap       252:5    0 11,1G  0 lvm
└─otus-test--snap-cow     252:4    0  500M  0 lvm
  └─otus-test--snap       252:5    0 11,1G  0 lvm
sdd                         8:48   0    1G  0 disk
sde                         8:64   0    1G  0 disk
sr0                        11:0    1 1024M  0 rom
root@ubuntu:~#
root@ubuntu:~# mkdir /data-snap
root@ubuntu:~# mount /dev/otus/test-snap /data-snap/
root@ubuntu:~# ll /data-snap/
total 24
drwxr-xr-x  3 root root  4096 мар 29 14:44 ./
drwxr-xr-x 25 root root  4096 апр  2 15:48 ../
drwx------  2 root root 16384 мар 29 14:44 lost+found/
root@ubuntu:~#
root@ubuntu:~# rm /data/test.log
root@ubuntu:~#
root@ubuntu:~# ll /data
total 8
drwxr-xr-x  2 root root 4096 апр  2 15:50 ./
drwxr-xr-x 25 root root 4096 апр  2 15:48 ../
root@ubuntu:~#
root@ubuntu:~# umount /data
umount: /data: not mounted.
root@ubuntu:~#
root@ubuntu:~# lvconvert --merge /dev/otus/test-snap
  Merging of volume otus/test-snap started.
  otus/test: Merged: 94,38%
  otus/test: Merged: 100,00%
root@ubuntu:~#
root@ubuntu:~# mount /dev/otus/test /data
root@ubuntu:~#
root@ubuntu:~# ll /data
total 24
drwxr-xr-x  3 root root  4096 мар 29 14:44 ./
drwxr-xr-x 25 root root  4096 апр  2 15:48 ../
drwx------  2 root root 16384 мар 29 14:44 lost+found/
root@ubuntu:~#
Файл test.log не восстановился

Работа с LVM RAID
root@ubuntu:/data# pvcreate /dev/sd{d,e}
  Physical volume "/dev/sdd" successfully created.
  Physical volume "/dev/sde" successfully created.
root@ubuntu:/data# vgcreate vg0 /dev/sd{d,e}
  Volume group "vg0" successfully created
root@ubuntu:/data# lvcreate -l+80%FREE -m1 -n mirror vg0
  Logical volume "mirror" created.
root@ubuntu:/data# lvs
  LV        VG        Attr       LSize   Pool Origin Data%  Meta%  Move Log Cpy%Sync Convert
  small     otus      -wi-a----- 100,00m
  test      otus      -wi-ao---- <11,12g
  ubuntu-lv ubuntu-vg -wi-ao---- <24,00g
  mirror    vg0       rwi-a-r--- 816,00m                                    100,00
root@ubuntu:/data#

